---
source: tests/generate_snapshots.rs
expression: output_string
---
"sample_project_1\n├── README.md\n└── main.py\n\n```main.py\n# This is a sample Python project for snapshot testing.\n\ndef hello_world():\n    \"\"\"Prints a greeting message.\"\"\"\n    print(\"Hello, world!\")\n\nclass Greeter:\n    \"\"\"A simple class for greeting.\"\"\"\n    def __init__(self, name):\n        self.name = name\n\n    def greet(self):\n        # This is a line comment inside a method\n        message = f\"Hello, {self.name}!\"\n        return message\n\nif __name__ == \"__main__\":\n    hello_world()\n    greeter = Greeter(\"SnapshotUser\")\n    print(greeter.greet())\n\n```\n\n```README.md\n# Sample Project 1\n\nThis is a sample project for testing the `curly` tool's generate functionality.\n\nIt includes:\n- A Python script (`main.py`)\n- This README file.\n- A `.gitignore` file.\n- An intentionally ignored file (`ignored_file.txt`).\n- A `__pycache__` directory.\n\n```\n\n"
