---
source: tests/generate_snapshots.rs
expression: normalized_output
---
output_file_ignorance_test
├── another.out
├── some_other_file.txt
├── main.rs
└── sub_dir
    ├── something.txt
    └── ignore_this.out

```another.out
another output file

```

```some_other_file.txt
other text

```

```main.rs
fn main() { println!("hello"); }

```

```sub_dir/something.txt
text in sub dir

```

```sub_dir/ignore_this.out
nested output file

```
